\BOOKMARK [0][-]{chapter.1}{\376\377\000R\000V\232\214\213\301\126\372\116\366}{}% 1
\BOOKMARK [1][-]{section.1.1}{\376\377\000M\0003\0003\060\001\000D\000S\000P\127\107\116\345\236\330\213\244\230\221\163\207\217\320\210\114\377\014\116\345\000D\000P\000L\000L\0001\123\357\221\115\177\156\230\221\163\207\116\072\116\073\377\014\236\330\213\244\230\221\163\207\116\072\000M\0003\0003\000-\0001\0009\0002\000M\377\014\000R\000V\000-\0005\0003\0003\000M\377\014\000D\000S\000P\000-\0004\0000\0000\000M}{chapter.1}% 2
\BOOKMARK [1][-]{section.1.2}{\376\377\134\006\000H\000S\000-\000P\000S\000R\000A\000M\116\316\000D\000P\000L\000L\0003\122\007\143\142\122\060\000D\000P\000L\000L\0001\116\055\377\014\230\221\163\207\150\071\143\156\137\123\122\115\147\141\116\366\134\075\221\317\221\115\232\330\230\221\377\014\236\330\213\244\217\320\210\114}{chapter.1}% 3
\BOOKMARK [1][-]{section.1.3}{\376\377\134\006\000R\000V\143\002\217\175\122\060\000D\000P\000L\000L\0003\116\012\377\014\000D\000P\000L\000L\0003\166\204\145\366\224\237\156\220\134\075\221\317\123\352\176\331\000R\000V\117\177\165\050}{chapter.1}% 4
\BOOKMARK [1][-]{section.1.4}{\376\377\145\057\143\001\000R\000V\215\321\000m\000e\000m\000t\000e\000s\000t\000e\000r\377\014\215\321\127\050\000H\000S\000-\000P\000S\000R\000A\000M\116\012}{chapter.1}% 5
\BOOKMARK [1][-]{section.1.5}{\376\377\145\057\143\001\147\345\167\013\000R\000V\123\140\165\050\163\207\377\014\170\156\117\335\000R\000V\217\320\210\114\000m\000e\000m\000t\000e\000s\000t\000e\000r\153\143\136\070}{chapter.1}% 6
\BOOKMARK [1][-]{section.1.6}{\376\377\134\006\000R\000V\060\001\000M\0003\0003\121\205\220\350\000L\000D\000O\117\233\165\065\165\065\123\213\117\356\145\071\201\363\0001\000.\0000\0008\000V\377\014\000D\000S\000P\121\205\220\350\117\233\165\065\117\335\143\001\0001\000.\0001\0007\0005\000V\116\015\123\330}{chapter.1}% 7
\BOOKMARK [0][-]{chapter.2}{\376\377\232\214\213\301}{}% 8
\BOOKMARK [1][-]{section.2.1}{\376\377\0001\060\001\000\040\000M\0003\0003\060\001\000D\000S\000P\000\040\127\107\116\345\236\330\213\244\230\221\163\207\217\320\210\114\377\014\116\345\000\040\000D\000P\000L\000L\0001\123\357\221\115\177\156\230\221\163\207\116\072\116\073\000\040\377\014\236\330\213\244\230\221\163\207\116\072\000M\0003\0003\000-\0001\0009\0002\000M\377\014\000R\000V\000-\0005\0003\0003\000M\377\014\000D\000S\000P\000-\0004\0000\0000\000M\377\033}{chapter.2}% 9
\BOOKMARK [1][-]{section.2.2}{\376\377\0002\060\001\134\006\000H\000S\000-\000P\000S\000R\000A\000M\000\040\116\316\000D\000P\000L\000L\0003\122\007\143\142\122\060\000D\000P\000L\000L\0001\116\055\000\040\377\014\230\221\163\207\150\071\143\156\137\123\122\115\147\141\116\366\000\040\134\075\221\317\221\115\232\330\230\221\000\040\377\014\000\240\236\330\213\244\217\320\210\114\377\033}{chapter.2}% 10
\BOOKMARK [1][-]{section.2.3}{\376\377\0003\000.\0001\060\001\134\006\000\040\000R\000V\143\002\217\175\122\060\000D\000P\000L\000L\0003\000\040\116\012\377\014\000D\000P\000L\000L\0003\166\204\145\366\224\237\156\220\134\075\221\317\123\352\176\331\000R\000V\117\177\165\050\377\033}{chapter.2}% 11
\BOOKMARK [1][-]{section.2.4}{\376\377\0003\000.\0002\060\001\134\006\000\040\000M\0003\0003\143\002\217\175\122\060\000D\000P\000L\000L\0003\000\040\116\012\377\014\000D\000P\000L\000L\0003\166\204\145\366\224\237\156\220\134\075\221\317\123\352\176\331\000M\0003\0003\117\177\165\050\377\033}{chapter.2}% 12
\BOOKMARK [1][-]{section.2.5}{\376\377\0004\060\001\145\057\143\001\000\040\000R\000V\215\321\000m\000e\000m\000t\000e\000s\000t\000e\000r\000\040\377\014\215\321\127\050\000H\000S\000-\000P\000S\000R\000A\000M\116\012\377\033}{chapter.2}% 13
\BOOKMARK [1][-]{section.2.6}{\376\377\0005\060\001\145\057\143\001\147\345\167\013\000R\000V\123\140\165\050\163\207\377\014\170\156\117\335\000R\000V\217\320\210\114\000m\000e\000m\000t\000e\000s\000t\000e\000r\153\143\136\070\377\033}{chapter.2}% 14
\BOOKMARK [0][-]{chapter.3}{\376\377\000M\0003\0003\232\214\213\301\126\372\116\366}{}% 15
\BOOKMARK [1][-]{section.3.1}{\376\377\134\006\000M\0003\0003\143\002\217\175\122\060\000D\000P\000L\000L\0003\116\012\377\014\000D\000P\000L\000L\0003\166\204\145\366\224\237\156\220\134\075\221\317\123\352\176\331\000M\0003\0003\117\177\165\050}{chapter.3}% 16
\BOOKMARK [0][-]{chapter.4}{\376\377\147\345\167\013\000c\000p\000u\230\221\163\207}{}% 17
\BOOKMARK [1][-]{section.4.1}{\376\377\000M\0003\0003\124\214\000C\0009\0000\0006}{chapter.4}% 18
\BOOKMARK [1][-]{section.4.2}{\376\377\000H\000P\000S\000R\000A\000M}{chapter.4}% 19
\BOOKMARK [0][-]{chapter.5}{\376\377\000M\000y\000S\000T\000\040\000M\000a\000r\000k\000d\000o\000w\000n\000\040\213\355\154\325\121\145\225\350}{}% 20
\BOOKMARK [1][-]{section.5.1}{\376\377\143\320\171\072\150\106}{chapter.5}% 21
\BOOKMARK [1][-]{section.5.2}{\376\377\150\007\230\230}{chapter.5}% 22
\BOOKMARK [1][-]{section.5.3}{\376\377\147\011\136\217\122\027\210\150}{chapter.5}% 23
\BOOKMARK [1][-]{section.5.4}{\376\377\145\340\136\217\122\027\210\150}{chapter.5}% 24
\BOOKMARK [1][-]{section.5.5}{\376\377\145\207\147\054\143\142\210\114}{chapter.5}% 25
\BOOKMARK [2][-]{subsection.5.5.1}{\376\377\145\340\145\110\143\142\210\114}{section.5.5}% 26
\BOOKMARK [2][-]{subsection.5.5.2}{\376\377\153\265\121\205\143\142\210\114}{section.5.5}% 27
\BOOKMARK [2][-]{subsection.5.5.3}{\376\377\145\260\153\265\204\075}{section.5.5}% 28
\BOOKMARK [1][-]{section.5.6}{\376\377\133\127\117\123\150\067\137\017}{chapter.5}% 29
\BOOKMARK [1][-]{section.5.7}{\376\377\123\125\210\114\127\127\137\025\165\050}{chapter.5}% 30
\BOOKMARK [1][-]{section.5.8}{\376\377\131\032\210\114\127\127\137\025\165\050}{chapter.5}% 31
\BOOKMARK [1][-]{section.5.9}{\376\377\116\343\170\001\127\127}{chapter.5}% 32
\BOOKMARK [1][-]{section.5.10}{\376\377\145\207\116\366\116\055\166\204\116\343\170\001}{chapter.5}% 33
\BOOKMARK [1][-]{section.5.11}{\376\377\145\160\133\146\121\154\137\017}{chapter.5}% 34
\BOOKMARK [1][-]{section.5.12}{\376\377\201\032\154\350}{chapter.5}% 35
\BOOKMARK [1][-]{section.5.13}{\376\377\135\114\121\145\126\376\120\317}{chapter.5}% 36
\BOOKMARK [1][-]{section.5.14}{\376\377\215\205\224\376\143\245}{chapter.5}% 37
\BOOKMARK [1][-]{section.5.15}{\376\377\210\150\150\074}{chapter.5}% 38
\BOOKMARK [0][-]{chapter.6}{\376\377\000I\000n\000d\000i\000c\000e\000s\000\040\000a\000n\000d\000\040\000t\000a\000b\000l\000e\000s}{}% 39
